Flow report for test1
Sat Jun 09 19:28:53 2012
Quartus II Version 8.0 Build 215 05/29/2008 SJ Full Version


---------------------
; Table of Contents ;
---------------------
  1. Legal Notice
  2. Flow Summary
  3. Flow Settings
  4. Flow Non-Default Global Settings
  5. Flow Elapsed Time
  6. Flow Log



----------------
; Legal Notice ;
----------------
Copyright (C) 1991-2008 Altera Corporation
Your use of Altera Corporation's design tools, logic functions 
and other software and tools, and its AMPP partner logic 
functions, and any output files from any of the foregoing 
(including device programming or simulation files), and any 
associated documentation or information are expressly subject 
to the terms and conditions of the Altera Program License 
Subscription Agreement, Altera MegaCore Function License 
Agreement, or other applicable license agreement, including, 
without limitation, that your use is for the sole purpose of 
programming logic devices manufactured by Altera and sold by 
Altera or its authorized distributors.  Please refer to the 
applicable agreement for further details.



+-------------------------------------------------------------------------------+
; Flow Summary                                                                  ;
+------------------------------------+------------------------------------------+
; Flow Status                        ; Successful - Sat Jun 09 19:28:53 2012    ;
; Quartus II Version                 ; 8.0 Build 215 05/29/2008 SJ Full Version ;
; Revision Name                      ; test1                                    ;
; Top-level Entity Name              ; top_ge                                   ;
; Family                             ; Cyclone II                               ;
; Device                             ; EP2C20Q240C8                             ;
; Timing Models                      ; Final                                    ;
; Met timing requirements            ; No                                       ;
; Total logic elements               ; 920 / 18,752 ( 5 % )                     ;
;     Total combinational functions  ; 911 / 18,752 ( 5 % )                     ;
;     Dedicated logic registers      ; 205 / 18,752 ( 1 % )                     ;
; Total registers                    ; 205                                      ;
; Total pins                         ; 71 / 142 ( 50 % )                        ;
; Total virtual pins                 ; 0                                        ;
; Total memory bits                  ; 203,776 / 239,616 ( 85 % )               ;
; Embedded Multiplier 9-bit elements ; 2 / 52 ( 4 % )                           ;
; Total PLLs                         ; 0 / 4 ( 0 % )                            ;
+------------------------------------+------------------------------------------+


+-----------------------------------------+
; Flow Settings                           ;
+-------------------+---------------------+
; Option            ; Setting             ;
+-------------------+---------------------+
; Start date & time ; 06/09/2012 19:27:56 ;
; Main task         ; Compilation         ;
; Revision Name     ; test1               ;
+-------------------+---------------------+


+--------------------------------------------------------------------------------------------------------------+
; Flow Non-Default Global Settings                                                                             ;
+------------------------------------+------------------------------+---------------+-------------+------------+
; Assignment Name                    ; Value                        ; Default Value ; Entity Name ; Section Id ;
+------------------------------------+------------------------------+---------------+-------------+------------+
; COMPILER_SIGNATURE_ID              ; 165390135940.133924127603724 ; --            ; --          ; --         ;
; IP_TOOL_NAME                       ; ROM: 1-PORT                  ; --            ; --          ; --         ;
; IP_TOOL_NAME                       ; RAM: 1-PORT                  ; --            ; --          ; --         ;
; IP_TOOL_NAME                       ; RAM: 1-PORT                  ; --            ; --          ; --         ;
; IP_TOOL_NAME                       ; RAM: 1-PORT                  ; --            ; --          ; --         ;
; IP_TOOL_VERSION                    ; 8.0                          ; --            ; --          ; --         ;
; IP_TOOL_VERSION                    ; 8.0                          ; --            ; --          ; --         ;
; IP_TOOL_VERSION                    ; 8.0                          ; --            ; --          ; --         ;
; IP_TOOL_VERSION                    ; 8.0                          ; --            ; --          ; --         ;
; MISC_FILE                          ; v_rom.bsf                    ; --            ; --          ; --         ;
; MISC_FILE                          ; v_rom.cmp                    ; --            ; --          ; --         ;
; MISC_FILE                          ; ram_templet.cmp              ; --            ; --          ; --         ;
; MISC_FILE                          ; ram_tprog.cmp                ; --            ; --          ; --         ;
; MISC_FILE                          ; ram_gpu.cmp                  ; --            ; --          ; --         ;
; PARTITION_COLOR                    ; 14622752                     ; --            ; top_ge      ; Top        ;
; PARTITION_NETLIST_TYPE             ; SOURCE                       ; --            ; top_ge      ; Top        ;
; TOP_LEVEL_ENTITY                   ; top_ge                       ; test1         ; --          ; --         ;
; USE_GENERATED_PHYSICAL_CONSTRAINTS ; Off                          ; --            ; --          ; eda_palace ;
+------------------------------------+------------------------------+---------------+-------------+------------+


+-----------------------------------------------------------------------------------------------------------------------------+
; Flow Elapsed Time                                                                                                           ;
+-------------------------+--------------+-------------------------+---------------------+------------------------------------+
; Module Name             ; Elapsed Time ; Average Processors Used ; Peak Virtual Memory ; Total CPU Time (on all processors) ;
+-------------------------+--------------+-------------------------+---------------------+------------------------------------+
; Analysis & Synthesis    ; 00:00:30     ; 1.0                     ; 223 MB              ; 00:00:29                           ;
; Fitter                  ; 00:00:13     ; 1.0                     ; 232 MB              ; 00:00:12                           ;
; Assembler               ; 00:00:04     ; 1.0                     ; 206 MB              ; 00:00:03                           ;
; Classic Timing Analyzer ; 00:00:01     ; 1.0                     ; 158 MB              ; 00:00:01                           ;
; Total                   ; 00:00:48     ; --                      ; --                  ; 00:00:45                           ;
+-------------------------+--------------+-------------------------+---------------------+------------------------------------+


------------
; Flow Log ;
------------
quartus_map --read_settings_files=on --write_settings_files=off top_ge -c test1
quartus_fit --read_settings_files=off --write_settings_files=off top_ge -c test1
quartus_asm --read_settings_files=off --write_settings_files=off top_ge -c test1
quartus_tan --read_settings_files=off --write_settings_files=off top_ge -c test1 --timing_analysis_only



